Dell@DESKTOP-7TUUEEC /cygdrive/d/Devops/2024-Q2/workspace/git_work/TigerProject/ram/my-repo
$ git remote add repo1 https://github.com/kramsagar/my-repo.git

Dell@DESKTOP-7TUUEEC /cygdrive/d/Devops/2024-Q2/workspace/git_work/TigerProject/ram/my-repo
$ git status
On branch master

No commits yet

Untracked files:
  (use "git add <file>..." to include in what will be committed)
        README.md

nothing added to commit but untracked files present (use "git add" to track)

Dell@DESKTOP-7TUUEEC /cygdrive/d/Devops/2024-Q2/workspace/git_work/TigerProject/ram/my-repo
$ git add .
warning: in the working copy of 'README.md', LF will be replaced by CRLF the next time Git touches it
g
Dell@DESKTOP-7TUUEEC /cygdrive/d/Devops/2024-Q2/workspace/git_work/TigerProject/ram/my-repo
$ git commit -m "readme"
Author identity unknown

*** Please tell me who you are.

Run

  git config --global user.email "you@example.com"
  git config --global user.name "Your Name"

to set your account's default identity.
Omit --global to set the identity only in this repository.

fatal: unable to auto-detect email address (got 'Dell@DESKTOP-7TUUEEC.(none)')

Dell@DESKTOP-7TUUEEC /cygdrive/d/Devops/2024-Q2/workspace/git_work/TigerProject/ram/my-repo
$ git config user.email "ram@gmail.com"

Dell@DESKTOP-7TUUEEC /cygdrive/d/Devops/2024-Q2/workspace/git_work/TigerProject/ram/my-repo
$ git config user.name "ram sagar"

Dell@DESKTOP-7TUUEEC /cygdrive/d/Devops/2024-Q2/workspace/git_work/TigerProject/ram/my-repo
$ git commit -m "readme"
[master (root-commit) 82da9ae] readme
 1 file changed, 1 insertion(+)
 create mode 100644 README.md

Dell@DESKTOP-7TUUEEC /cygdrive/d/Devops/2024-Q2/workspace/git_work/TigerProject/ram/my-repo
$ git push repo1
fatal: The current branch master has no upstream branch.
To push the current branch and set the remote as upstream, use

    git push --set-upstream repo1 master

To have this happen automatically for branches without a tracking
upstream, see 'push.autoSetupRemote' in 'git help config'.


Dell@DESKTOP-7TUUEEC /cygdrive/d/Devops/2024-Q2/workspace/git_work/TigerProject/ram/my-repo
$ git push repo1 master
Enumerating objects: 3, done.
Counting objects: 100% (3/3), done.
Writing objects: 100% (3/3), 216 bytes | 216.00 KiB/s, done.
Total 3 (delta 0), reused 0 (delta 0), pack-reused 0
remote:
remote: Create a pull request for 'master' on GitHub by visiting:
remote:      https://github.com/kramsagar/my-repo/pull/new/master
remote:
To https://github.com/kramsagar/my-repo.git
 * [new branch]      master -> master

